List 1: [3, 1, 5]
List 2: [1, 4]
Result: [3, 1, 5, 1, 4]
