List 1: []
List 2: [1, 3, 3, 7]
Result: [1, 3, 3, 7]
