List 1: [6, 7, 78, 94, 19, 82, 11, 68, 73, 12]
List 2: [24, 72, 32, 37, 29, 6, 4, 70, 20, 40]
Result: [6, 7, 78, 94, 19, 82, 11, 68, 73, 12, 24, 72, 32, 37, 29, 6, 4, 70, 20, 40]
